[2m16:44:38[22m [34m[content][39m Syncing content
[2m16:44:39[22m [34m[content][39m Synced content
[2m16:44:39[22m [34m[types][39m Generated [2m1.11s[22m
[2m16:44:39[22m [34m[build][39m output: [34m"static"[39m
[2m16:44:39[22m [34m[build][39m mode: [34m"static"[39m
[2m16:44:39[22m [34m[build][39m directory: [34mD:\Personal\Astapb\WebBlog\dist\[39m
[2m16:44:39[22m [34m[build][39m Collecting build info...
[2m16:44:39[22m [34m[build][39m [32m✓ Completed in 1.16s.[39m
[2m16:44:42[22m [34m[build][39m Building static entrypoints...
[2m16:44:44[22m [34m[vite][39m [32m✓ built in 1.99s[39m
[2m16:44:44[22m [34m[vite][39m [32m✓ built in 121ms[39m
[2m16:44:44[22m [34m[build][39m Rearranging server assets...

[42m[30m generating static routes [39m[49m
[2m16:44:44[22m   [34m├─[39m [2m/404.html[22m [2m(+16ms)[22m 
[2m16:44:44[22m   [34m├─[39m [2m/about/index.html[22m [2m(+24ms)[22m 
[2m16:44:45[22m   [34m├─[39m [2m/archive/index.html[22m [2m(+23ms)[22m 
[2m16:44:45[22m   [34m├─[39m [2m/page/2/index.html[22m [2m(+25ms)[22m 
[2m16:44:45[22m   [34m├─[39m [2m/page/3/index.html[22m [2m(+23ms)[22m 
[2m16:44:45[22m   [34m├─[39m [2m/page/4/index.html[22m [2m(+23ms)[22m 
[2m16:44:45[22m   [34m├─[39m [2m/page/5/index.html[22m [2m(+38ms)[22m 
[2m16:44:45[22m   [34m├─[39m [2m/page/6/index.html[22m [2m(+9ms)[22m 
[2m16:44:45[22m   [34m├─[39m [2m/page/7/index.html[22m [2m(+24ms)[22m 
[2m16:44:45[22m   [34m├─[39m [2m/page/8/index.html[22m [2m(+24ms)[22m 
[2m16:44:45[22m   [34m├─[39m [2m/page/9/index.html[22m [2m(+33ms)[22m 
[2m16:44:45[22m   [34m├─[39m [2m/page/10/index.html[22m [2m(+23ms)[22m 
[2m16:44:45[22m   [34m├─[39m [2m/page/11/index.html[22m [2m(+24ms)[22m 
[2m16:44:45[22m   [34m├─[39m [2m/rss.xml[22m [2m(+78ms)[22m 
[2m16:44:45[22m   [34m├─[39m [2m/search/index.html[22m [2m(+23ms)[22m 
[2m16:44:45[22m   [34m├─[39m [2m/search-index.json[22m [2m(+24ms)[22m 
[2m16:44:45[22m   [34m├─[39m [2m/tags/python/index.html[22m [2m(+33ms)[22m 
[2m16:44:45[22m   [34m├─[39m [2m/tags/linux/index.html[22m [2m(+24ms)[22m 
[2m16:44:45[22m   [34m├─[39m [2m/tags/python-数据分析/index.html[22m [2m(+30ms)[22m 
[2m16:44:45[22m   [34m├─[39m [2m/tags/linux-小技巧/index.html[22m [2m(+23ms)[22m 
[2m16:44:45[22m   [34m├─[39m [2m/tags/python-入门/index.html[22m [2m(+23ms)[22m 
[2m16:44:45[22m   [34m├─[39m [2m/tags/建站/index.html[22m [2m(+23ms)[22m 
[2m16:44:45[22m   [34m├─[39m [2m/tags/cpp/index.html[22m [2m(+23ms)[22m 
[2m16:44:45[22m   [34m├─[39m [2m/tags/toolbox/index.html[22m [2m(+24ms)[22m 
[2m16:44:45[22m   [34m├─[39m [2m/tags/android/index.html[22m [2m(+23ms)[22m 
[2m16:44:45[22m   [34m├─[39m [2m/tags/cpp-notes/index.html[22m [2m(+23ms)[22m 
[2m16:44:45[22m   [34m├─[39m [2m/tags/linux-应用编程/index.html[22m [2m(+24ms)[22m 
[2m16:44:45[22m   [34m├─[39m [2m/tags/c-language/index.html[22m [2m(+24ms)[22m 
[2m16:44:45[22m   [34m├─[39m [2m/tags/notebook/index.html[22m [2m(+23ms)[22m 
[2m16:44:45[22m   [34m├─[39m [2m/tags/stm32mp157/index.html[22m [2m(+23ms)[22m 
[2m16:44:45[22m   [34m├─[39m [2m/tags/python-数据结构/index.html[22m [2m(+23ms)[22m 
[2m16:44:45[22m   [34m├─[39m [2m/tags/树莓派/index.html[22m [2m(+23ms)[22m 
[2m16:44:45[22m   [34m├─[39m [2m/tags/anaconda/index.html[22m [2m(+24ms)[22m 
[2m16:44:45[22m   [34m├─[39m [2m/tags/linux-驱动调试/index.html[22m [2m(+24ms)[22m 
[2m16:44:45[22m   [34m├─[39m [2m/tags/fpga/index.html[22m [2m(+23ms)[22m 
[2m16:44:45[22m   [34m├─[39m [2m/tags/lvgl/index.html[22m [2m(+23ms)[22m 
[2m16:44:45[22m   [34m├─[39m [2m/tags/matplotlib/index.html[22m [2m(+23ms)[22m 
[2m16:44:45[22m   [34m├─[39m [2m/tags/index.html[22m [2m(+23ms)[22m 
[2m16:44:45[22m   [34m├─[39m [2m/index.html[22m [2m(+23ms)[22m 
[2m16:44:45[22m   [34m├─[39m [2m/fpga/verilog/index.html[22m [2m(+25ms)[22m 
[2m16:44:45[22m   [34m├─[39m [2m/linux/linux应用编程/linux基本工具/index.html[22m [2m(+26ms)[22m 
[2m16:44:46[22m   [34m├─[39m [2m/linux/linux应用编程/linux系统简介/index.html[22m [2m(+23ms)[22m 
[2m16:44:46[22m   [34m├─[39m [2m/linux/linux应用编程/linux系统管理/index.html[22m [2m(+23ms)[22m 
[2m16:44:46[22m   [34m├─[39m [2m/linux/linux应用编程/linux网络编程/index.html[22m [2m(+23ms)[22m 
[2m16:44:46[22m   [34m├─[39m [2m/linux/linux应用编程/linux进程与线程/index.html[22m [2m(+23ms)[22m 
[2m16:44:46[22m   [34m├─[39m [2m/toolbox/shell脚本语法/index.html[22m [2m(+25ms)[22m 
[2m16:44:46[22m   [34m├─[39m [2m/lvgl/随笔001-开始/index.html[22m [2m(+25ms)[22m 
[2m16:44:46[22m   [34m├─[39m [2m/toolbox/euorg二级域名/index.html[22m [2m(+23ms)[22m 
[2m16:44:46[22m   [34m├─[39m [2m/linux/linux小技巧/nginx搭建静态网站服务器/index.html[22m [2m(+25ms)[22m 
[2m16:44:46[22m   [34m├─[39m [2m/android/随笔001-提示信息/index.html[22m [2m(+25ms)[22m 
[2m16:44:46[22m   [34m├─[39m [2m/android/随笔002-使用menu/index.html[22m [2m(+24ms)[22m 
[2m16:44:46[22m   [34m├─[39m [2m/android/随笔003-使用intent连接多个活动/index.html[22m [2m(+23ms)[22m 
[2m16:44:46[22m   [34m├─[39m [2m/android/随笔004-ui设计常用控件/index.html[22m [2m(+23ms)[22m 
[2m16:44:46[22m   [34m├─[39m [2m/android/随笔005-app界面语言跟随系统/index.html[22m [2m(+24ms)[22m 
[2m16:44:46[22m   [34m├─[39m [2m/android/随笔006-多个activity共享全局变量/index.html[22m [2m(+33ms)[22m 
[2m16:44:46[22m   [34m├─[39m [2m/c_cpp/cpp学习笔记/01-初步认识/index.html[22m [2m(+25ms)[22m 
[2m16:44:46[22m   [34m├─[39m [2m/c_cpp/cpp学习笔记/02-类和对象/index.html[22m [2m(+23ms)[22m 
[2m16:44:46[22m   [34m├─[39m [2m/c_cpp/cpp学习笔记/03-string类/index.html[22m [2m(+23ms)[22m 
[2m16:44:46[22m   [34m├─[39m [2m/c_cpp/cpp学习笔记/04-引用/index.html[22m [2m(+23ms)[22m 
[2m16:44:46[22m   [34m├─[39m [2m/c_cpp/cpp学习笔记/05-继承与派生/index.html[22m [2m(+24ms)[22m 
[2m16:44:46[22m   [34m├─[39m [2m/c_cpp/cpp学习笔记/06-多态与虚函数/index.html[22m [2m(+23ms)[22m 
[2m16:44:46[22m   [34m├─[39m [2m/c_cpp/c语言实用技巧/字节流到字符串的转换c语言/index.html[22m [2m(+25ms)[22m 
[2m16:44:46[22m   [34m├─[39m [2m/c_cpp/c语言实用技巧/对堆栈8字节对齐问题的讨论/index.html[22m [2m(+23ms)[22m 
[2m16:44:46[22m   [34m├─[39m [2m/c_cpp/c语言实用技巧/常用排序算法/index.html[22m [2m(+23ms)[22m 
[2m16:44:46[22m   [34m├─[39m [2m/c_cpp/c语言实用技巧/结构体和类的区别/index.html[22m [2m(+24ms)[22m 
[2m16:44:46[22m   [34m├─[39m [2m/linux/linux小技巧/linux修改用户名/index.html[22m [2m(+23ms)[22m 
[2m16:44:46[22m   [34m├─[39m [2m/linux/linux小技巧/linux压缩软件的使用/index.html[22m [2m(+24ms)[22m 
[2m16:44:46[22m   [34m├─[39m [2m/linux/linux小技巧/linux定时任务/index.html[22m [2m(+24ms)[22m 
[2m16:44:46[22m   [34m├─[39m [2m/linux/linux小技巧/linux性能测试/index.html[22m [2m(+24ms)[22m 
[2m16:44:46[22m   [34m├─[39m [2m/linux/linux小技巧/linux扩展根分区/index.html[22m [2m(+23ms)[22m 
[2m16:44:46[22m   [34m├─[39m [2m/linux/linux小技巧/linux文件共享/index.html[22m [2m(+34ms)[22m 
[2m16:44:46[22m   [34m├─[39m [2m/linux/linux小技巧/linux网速测试/index.html[22m [2m(+24ms)[22m 
[2m16:44:46[22m   [34m├─[39m [2m/linux/linux小技巧/linux自动挂载u盘/index.html[22m [2m(+24ms)[22m 
[2m16:44:46[22m   [34m├─[39m [2m/linux/linux小技巧/linux设置静态ip/index.html[22m [2m(+23ms)[22m 
[2m16:44:46[22m   [34m├─[39m [2m/linux/linux小技巧/mjpg-streamer的安装/index.html[22m [2m(+23ms)[22m 
[2m16:44:46[22m   [34m├─[39m [2m/linux/linux小技巧/ssh与动态motd/index.html[22m [2m(+23ms)[22m 
[2m16:44:46[22m   [34m├─[39m [2m/linux/linux驱动调试相关/linux使用adb抓取android日志/index.html[22m [2m(+24ms)[22m 
[2m16:44:46[22m   [34m├─[39m [2m/linux/linux驱动调试相关/linux访问phy芯片寄存器/index.html[22m [2m(+24ms)[22m 
[2m16:44:46[22m   [34m├─[39m [2m/linux/raspberrypi/树莓派40pin引脚测试/index.html[22m [2m(+25ms)[22m 
[2m16:44:46[22m   [34m├─[39m [2m/linux/raspberrypi/树莓派调试记录/index.html[22m [2m(+25ms)[22m 
[2m16:44:46[22m   [34m├─[39m [2m/linux/stm32mp157/笔记001-m4内核开发基础知识/index.html[22m [2m(+25ms)[22m 
[2m16:44:46[22m   [34m├─[39m [2m/linux/stm32mp157/笔记002-linux系统启动/index.html[22m [2m(+24ms)[22m 
[2m16:44:47[22m   [34m├─[39m [2m/linux/stm32mp157/笔记003-a7开发环境搭建/index.html[22m [2m(+24ms)[22m 
[2m16:44:47[22m   [34m├─[39m [2m/linux/stm32mp157/笔记004-debian文件系统移植/index.html[22m [2m(+23ms)[22m 
[2m16:44:47[22m   [34m├─[39m [2m/notebook/python/6小时python入门/index.html[22m [2m(+25ms)[22m 
[2m16:44:47[22m   [34m├─[39m [2m/notebook/python/anaconda/anaconda入门指南/index.html[22m [2m(+25ms)[22m 
[2m16:44:47[22m   [34m├─[39m [2m/notebook/python/anaconda/jupyter添加toc/index.html[22m [2m(+24ms)[22m 
[2m16:44:47[22m   [34m├─[39m [2m/notebook/python/jupyter-notebook使用指南/index.html[22m [2m(+23ms)[22m 
[2m16:44:47[22m   [34m├─[39m [2m/notebook/python/matplotlib/scienceplots/index.html[22m [2m(+24ms)[22m 
[2m16:44:47[22m   [34m├─[39m [2m/notebook/python/pycharm优化使用/index.html[22m [2m(+23ms)[22m 
[2m16:44:47[22m   [34m├─[39m [2m/notebook/python/python入门学习笔记/ch1-python基础/index.html[22m [2m(+25ms)[22m 
[2m16:44:47[22m   [34m├─[39m [2m/notebook/python/python入门学习笔记/ch10-进程和线程/index.html[22m [2m(+23ms)[22m 
[2m16:44:47[22m   [34m├─[39m [2m/notebook/python/python入门学习笔记/ch11-正则表达式/index.html[22m [2m(+24ms)[22m 
[2m16:44:47[22m   [34m├─[39m [2m/notebook/python/python入门学习笔记/ch2-函数/index.html[22m [2m(+24ms)[22m 
[2m16:44:47[22m   [34m├─[39m [2m/notebook/python/python入门学习笔记/ch3-高级特性/index.html[22m [2m(+23ms)[22m 
[2m16:44:47[22m   [34m├─[39m [2m/notebook/python/python入门学习笔记/ch4-函数式编程/index.html[22m [2m(+24ms)[22m 
[2m16:44:47[22m   [34m├─[39m [2m/notebook/python/python入门学习笔记/ch5-模块/index.html[22m [2m(+33ms)[22m 
[2m16:44:47[22m   [34m├─[39m [2m/notebook/python/python入门学习笔记/ch6-面向对象编程/index.html[22m [2m(+23ms)[22m 
[2m16:44:47[22m   [34m├─[39m [2m/notebook/python/python入门学习笔记/ch7-面向对象高级编程/index.html[22m [2m(+23ms)[22m 
[2m16:44:47[22m   [34m├─[39m [2m/notebook/python/python入门学习笔记/ch8-错误调试和测试/index.html[22m [2m(+23ms)[22m 
[2m16:44:47[22m   [34m├─[39m [2m/notebook/python/python入门学习笔记/ch9-io编程/index.html[22m [2m(+23ms)[22m 
[2m16:44:47[22m   [34m├─[39m [2m/notebook/python/python数据分析/ch01-准备工作/index.html[22m [2m(+25ms)[22m 
[2m16:44:47[22m   [34m├─[39m [2m/notebook/python/python数据分析/ch02-python语法基础和ipython以及jupyternotebooks/index.html[22m [2m(+24ms)[22m 
[2m16:44:47[22m   [34m├─[39m [2m/notebook/python/python数据分析/ch03-python的数据结构函数和文件/index.html[22m [2m(+23ms)[22m 
[2m16:44:47[22m   [34m├─[39m [2m/notebook/python/python数据分析/ch04-numpy基础数组和矢量计算/index.html[22m [2m(+23ms)[22m 
[2m16:44:47[22m   [34m├─[39m [2m/notebook/python/python数据分析/ch05-pandas入门/index.html[22m [2m(+23ms)[22m 
[2m16:44:47[22m   [34m├─[39m [2m/notebook/python/python数据分析/ch06-数据加载存储与文件格式/index.html[22m [2m(+24ms)[22m 
[2m16:44:47[22m   [34m├─[39m [2m/notebook/python/python数据分析/ch07-数据清洗和准备/index.html[22m [2m(+24ms)[22m 
[2m16:44:47[22m   [34m├─[39m [2m/notebook/python/python数据分析/ch08-数据规整聚合合并和重塑/index.html[22m [2m(+24ms)[22m 
[2m16:44:47[22m   [34m├─[39m [2m/notebook/python/python数据分析/ch09-绘图和可视化/index.html[22m [2m(+23ms)[22m 
[2m16:44:47[22m   [34m├─[39m [2m/notebook/python/python数据分析/ch10-数据聚合与分组运算/index.html[22m [2m(+24ms)[22m 
[2m16:44:47[22m   [34m├─[39m [2m/notebook/python/python数据分析/ch11-时间序列/index.html[22m [2m(+23ms)[22m 
[2m16:44:47[22m   [34m├─[39m [2m/notebook/python/python数据分析/ch12-pandas高级应用/index.html[22m [2m(+23ms)[22m 
[2m16:44:47[22m   [34m├─[39m [2m/notebook/python/python数据分析/ch13-python建模库介绍/index.html[22m [2m(+23ms)[22m 
[2m16:44:47[22m   [34m├─[39m [2m/notebook/python/python数据分析/ch14-数据分析案例/index.html[22m [2m(+23ms)[22m 
[2m16:44:47[22m   [34m├─[39m [2m/notebook/python/python数据分析/附录a-numpy高级应用/index.html[22m [2m(+23ms)[22m 
[2m16:44:47[22m   [34m├─[39m [2m/notebook/python/python数据分析/附录b-更多关于ipython的内容/index.html[22m [2m(+24ms)[22m 
[2m16:44:47[22m   [34m├─[39m [2m/notebook/python/python数据结构/1-顺序表/index.html[22m [2m(+24ms)[22m 
[2m16:44:47[22m   [34m├─[39m [2m/notebook/python/python数据结构/2-单链表/index.html[22m [2m(+23ms)[22m 
[2m16:44:47[22m   [34m├─[39m [2m/notebook/python/python数据结构/3-栈/index.html[22m [2m(+23ms)[22m 
[2m16:44:47[22m   [34m├─[39m [2m/notebook/shell脚本编程/index.html[22m [2m(+23ms)[22m 
[2m16:44:47[22m   [34m├─[39m [2m/notebook/tools/index.html[22m [2m(+23ms)[22m 
[2m16:44:47[22m   [34m├─[39m [2m/notebook/写博客必备神器/index.html[22m [2m(+23ms)[22m 
[2m16:44:47[22m   [34m├─[39m [2m/notebook/正则表达式/index.html[22m [2m(+23ms)[22m 
[2m16:44:48[22m   [34m├─[39m [2m/project/blog-springboot/index.html[22m [2m(+24ms)[22m 
[2m16:44:48[22m   [34m├─[39m [2m/project/docsify/docsifynotes/index.html[22m [2m(+25ms)[22m 
[2m16:44:48[22m   [34m├─[39m [2m/project/docsify/docsifyplugin/index.html[22m [2m(+23ms)[22m 
[2m16:44:48[22m   [34m├─[39m [2m/project/docute/docute3创建文档网站/index.html[22m [2m(+24ms)[22m 
[2m16:44:48[22m   [34m├─[39m [2m/project/docute/docute4创建文档网站/index.html[22m [2m(+23ms)[22m 
[2m16:44:48[22m   [34m├─[39m [2m/project/hexo-butterfly/hexo-butterfly博客搭建指南/index.html[22m [2m(+25ms)[22m 
[2m16:44:48[22m   [34m├─[39m [2m/project/hexo-next/添加gitter在线交流/index.html[22m [2m(+25ms)[22m 
[2m16:44:48[22m   [34m├─[39m [2m/project/hexo-next/评论系统valine的使用/index.html[22m [2m(+31ms)[22m 
[2m16:44:48[22m   [34m├─[39m [2m/project/jekyll/jekyll使用手册/index.html[22m [2m(+25ms)[22m 
[2m16:44:48[22m   [34m├─[39m [2m/project/vuepress/vuepress创建文档网站/index.html[22m [2m(+25ms)[22m 
[2m16:44:48[22m   [34m├─[39m [2m/python/自动发送本机ip到邮箱/index.html[22m [2m(+25ms)[22m 
[2m16:44:48[22m   [34m├─[39m [2m/toolbox/github快速访问/index.html[22m [2m(+24ms)[22m 
[2m16:44:48[22m   [34m├─[39m [2m/toolbox/gitter/index.html[22m [2m(+23ms)[22m 
[2m16:44:48[22m   [34m├─[39m [2m/toolbox/git使用/index.html[22m [2m(+23ms)[22m 
[2m16:44:48[22m   [34m├─[39m [2m/toolbox/jsorg二级域名/index.html[22m [2m(+23ms)[22m 
[2m16:44:48[22m   [34m├─[39m [2m/toolbox/klipper安装/index.html[22m [2m(+24ms)[22m 
[2m16:44:48[22m   [34m├─[39m [2m/toolbox/markdown语法/index.html[22m [2m(+23ms)[22m 
[2m16:44:48[22m   [34m├─[39m [2m/toolbox/ubuntu操作记录/index.html[22m [2m(+24ms)[22m 
[2m16:44:48[22m   [34m├─[39m [2m/toolbox/网址收藏/index.html[22m [2m(+23ms)[22m 
[2m16:44:48[22m [32m✓ Completed in 3.65s.
[39m
